C51 COMPILER V9.51   DISTANCE_STOP                                                         09/05/2024 21:03:22 PAGE 1   


C51 COMPILER V9.51, COMPILATION OF MODULE DISTANCE_STOP
OBJECT MODULE PLACED IN distance_stop.obj
COMPILER INVOKED BY: D:\My_repositories\dcpt2\STC_bin\c51\C51\BIN\C51.EXE source\distance_stop.c BROWSE INCDIR(.\inc) DE
                    -BUG OBJECTEXTEND PRINT(.\distance_stop.lst) OBJECT(distance_stop.obj)

line level    source

   1          #include "STC15F2K60S2.H"
   2          #include "motor.h"
   3          #include "btooth.h"
   4          #include "dis.h"
   5          #include "btn.h"
   6          #include "buzzer.h"
   7          #include "ir_re.h"
   8          #include "vibration.h"
   9          
  10          #include "direct.h"
  11          #include "speed.h"
  12          #include "model.h"
  13          
  14          
  15          #include "uart2.h"
  16          #include "uart1.h"
  17          #include "sys.H"                 
  18          #include "Key.h"
  19          #include "displayer.H" 
  20          #include "Beep.h"
  21          #include "ir.h"
  22          #include "vib.H"
  23          
  24          unsigned char buffer_DS[1], match[1]={0x11};
  25          
  26          
  27          void DStop()
  28          {
  29   1              Compare = 1;    
  30   1      }
  31          
  32          void init_DStop()
  33          {
  34   1              Uart2Init(1200, Uart2Usedfor485);
  35   1              SetUart2Rxd(buffer_DS, 1, match, 0);
  36   1              SetEventCallBack(enumEventUart2Rxd, DStop);
  37   1      }


MODULE INFORMATION:   STATIC OVERLAYABLE
   CODE SIZE        =     54    ----
   CONSTANT SIZE    =   ----    ----
   XDATA SIZE       =   ----    ----
   PDATA SIZE       =   ----    ----
   DATA SIZE        =      2    ----
   IDATA SIZE       =   ----    ----
   BIT SIZE         =   ----    ----
END OF MODULE INFORMATION.


C51 COMPILATION COMPLETE.  0 WARNING(S),  0 ERROR(S)
